---
apiVersion: pkg.internal/v1beta1
kind: XStorage
metadata:
  labels:
    crossplane.io/claim-name: alice-005
    crossplane.io/claim-namespace: default
  name: alice-005
spec:
  bucketAccessGrants:
  - bucketName: alice-shared-005
    grantees:
    - bob-005
    permission: ReadOnly
  buckets:
  - bucketName: alice-005
    discoverable: false
  - bucketName: alice-shared-005
    discoverable: true
  owner: alice-005
status:
  conditions:
  - lastTransitionTime: "2024-01-01T00:00:00Z"
    message: 'Unready resources: api-key-alice-005, application-alice-005, bucket-policy-alice-005,
      and 2 more'
    reason: Creating
    status: "False"
    type: Ready
---
apiVersion: iam.scaleway.upbound.io/v1alpha1
kind: ApiKey
metadata:
  annotations:
    crossplane.io/composition-resource-name: api-key-alice-005
  labels:
    crossplane.io/composite: alice-005
  name: alice-005
  ownerReferences:
  - apiVersion: pkg.internal/v1beta1
    blockOwnerDeletion: true
    controller: true
    kind: XStorage
    name: alice-005
    uid: ""
spec:
  forProvider:
    applicationIdRef:
      name: alice-005
  providerConfigRef:
    name: storage-scaleway
  writeConnectionSecretToRef:
    name: alice-005
    namespace: default
---
apiVersion: iam.scaleway.upbound.io/v1alpha1
kind: Application
metadata:
  annotations:
    crossplane.io/composition-resource-name: application-alice-005
  labels:
    crossplane.io/composite: alice-005
  name: alice-005
  ownerReferences:
  - apiVersion: pkg.internal/v1beta1
    blockOwnerDeletion: true
    controller: true
    kind: XStorage
    name: alice-005
    uid: ""
spec:
  forProvider:
    name: alice-005
  providerConfigRef:
    name: storage-scaleway
---
apiVersion: object.scaleway.upbound.io/v1alpha1
kind: Bucket
metadata:
  annotations:
    crossplane.io/composition-resource-name: bucket-alice-005
    xstorages.pkg.internal/bucket-name: alice-005
    xstorages.pkg.internal/discoverable: "False"
    xstorages.pkg.internal/owner: alice-005
  labels:
    crossplane.io/composite: alice-005
  name: alice-005-alice-005
  ownerReferences:
  - apiVersion: pkg.internal/v1beta1
    blockOwnerDeletion: true
    controller: true
    kind: XStorage
    name: alice-005
    uid: ""
spec:
  forProvider:
    name: alice-005-alice-005-abcde-fghij
  providerConfigRef:
    name: storage-scaleway
---
apiVersion: object.scaleway.upbound.io/v1alpha1
kind: Bucket
metadata:
  annotations:
    crossplane.io/composition-resource-name: bucket-alice-shared-005
    xstorages.pkg.internal/bucket-name: alice-shared-005
    xstorages.pkg.internal/discoverable: "True"
    xstorages.pkg.internal/owner: alice-005
  labels:
    crossplane.io/composite: alice-005
  name: alice-005-alice-shared-005
  ownerReferences:
  - apiVersion: pkg.internal/v1beta1
    blockOwnerDeletion: true
    controller: true
    kind: XStorage
    name: alice-005
    uid: ""
spec:
  forProvider:
    name: alice-005-alice-shared-005-abcde-fghij
  providerConfigRef:
    name: storage-scaleway
---
apiVersion: object.scaleway.upbound.io/v1alpha1
kind: Policy
metadata:
  annotations:
    crossplane.io/composition-resource-name: bucket-policy-alice-005
  labels:
    crossplane.io/composite: alice-005
  name: alice-005
  ownerReferences:
  - apiVersion: pkg.internal/v1beta1
    blockOwnerDeletion: true
    controller: true
    kind: XStorage
    name: alice-005
    uid: ""
spec:
  forProvider:
    bucket: alice-005-alice-005-abcde-fghij
    policy: |-
      {
        "Version": "2023-04-17",
        "Statement": [
          {
            "Effect": "Allow",
            "Principal": {
              "SCW": [
                "user_id:user_id",
                "application_id:application_id_alice-005"
              ]
            },
            "Action": [
              "s3:*"
            ],
            "Resource": [
              "alice-005-alice-005-abcde-fghij",
              "alice-005-alice-005-abcde-fghij/*"
            ]
          },
          {
            "Effect": "Allow",
            "Principal": {
              "SCW": []
            },
            "Action": [
              "s3:ListBucket",
              "s3:GetObject",
              "s3:PutObject",
              "s3:DeleteObject"
            ],
            "Resource": [
              "alice-005-alice-005-abcde-fghij",
              "alice-005-alice-005-abcde-fghij/*"
            ]
          },
          {
            "Effect": "Allow",
            "Principal": {
              "SCW": []
            },
            "Action": [
              "s3:ListBucket",
              "s3:GetObject"
            ],
            "Resource": [
              "alice-005-alice-005-abcde-fghij",
              "alice-005-alice-005-abcde-fghij/*"
            ]
          }
        ]
      }
  providerConfigRef:
    name: storage-scaleway
---
apiVersion: object.scaleway.upbound.io/v1alpha1
kind: Policy
metadata:
  annotations:
    crossplane.io/composition-resource-name: bucket-policy-alice-shared-005
  labels:
    crossplane.io/composite: alice-005
  name: alice-shared-005
  ownerReferences:
  - apiVersion: pkg.internal/v1beta1
    blockOwnerDeletion: true
    controller: true
    kind: XStorage
    name: alice-005
    uid: ""
spec:
  forProvider:
    bucket: alice-005-alice-shared-005-abcde-fghij
    policy: |-
      {
        "Version": "2023-04-17",
        "Statement": [
          {
            "Effect": "Allow",
            "Principal": {
              "SCW": [
                "user_id:user_id",
                "application_id:application_id_alice-005"
              ]
            },
            "Action": [
              "s3:*"
            ],
            "Resource": [
              "alice-005-alice-shared-005-abcde-fghij",
              "alice-005-alice-shared-005-abcde-fghij/*"
            ]
          },
          {
            "Effect": "Allow",
            "Principal": {
              "SCW": []
            },
            "Action": [
              "s3:ListBucket",
              "s3:GetObject",
              "s3:PutObject",
              "s3:DeleteObject"
            ],
            "Resource": [
              "alice-005-alice-shared-005-abcde-fghij",
              "alice-005-alice-shared-005-abcde-fghij/*"
            ]
          },
          {
            "Effect": "Allow",
            "Principal": {
              "SCW": [
                "application_id:application_id_bob-005"
              ]
            },
            "Action": [
              "s3:ListBucket",
              "s3:GetObject"
            ],
            "Resource": [
              "alice-005-alice-shared-005-abcde-fghij",
              "alice-005-alice-shared-005-abcde-fghij/*"
            ]
          }
        ]
      }
  providerConfigRef:
    name: storage-scaleway
---
apiVersion: iam.scaleway.upbound.io/v1alpha1
kind: Policy
metadata:
  annotations:
    crossplane.io/composition-resource-name: iam-policy-alice-005
  labels:
    crossplane.io/composite: alice-005
  name: alice-005
  ownerReferences:
  - apiVersion: pkg.internal/v1beta1
    blockOwnerDeletion: true
    controller: true
    kind: XStorage
    name: alice-005
    uid: ""
spec:
  forProvider:
    applicationIdRef:
      name: alice-005
    name: object-storage-full-access-alice-005
    rule:
    - organizationId: organization_id
      permissionSetNames:
      - ObjectStorageFullAccess
  providerConfigRef:
    name: storage-scaleway
