---
apiVersion: pkg.internal/v1beta1
kind: Storage
metadata:
  name: s-jeff
spec:
  bucketAccessGrants:
  - bucketName: b-jeff-shared
    grantee: joe
    permission: ReadOnly
  bucketAccessRequests:
  - bucketName: b-joe
    reason: Need access
  buckets:
  - bucketName: b-jeff
  - bucketName: b-jeff-shared
    discoverable: true
  principal: jeff
status:
  conditions:
  - lastTransitionTime: "2024-01-01T00:00:00Z"
    message: 'Unready resources: bucket-b-jeff, bucket-b-jeff-shared, observe-jeff-restricted-b-joe,
      and 4 more'
    reason: Creating
    status: "False"
    type: Ready
---
apiVersion: kubernetes.m.crossplane.io/v1alpha1
kind: Object
metadata:
  annotations:
    crossplane.io/composition-resource-name: bucket-b-jeff
  labels:
    crossplane.io/composite: s-jeff
  name: bucket-b-jeff
  namespace: default
  ownerReferences:
  - apiVersion: pkg.internal/v1beta1
    blockOwnerDeletion: true
    controller: true
    kind: Storage
    name: s-jeff
    uid: ""
spec:
  forProvider:
    manifest:
      apiVersion: minio.crossplane.io/v1
      kind: Bucket
      metadata:
        annotations:
          storages.pkg.internal/discoverable: "false"
        name: b-jeff
      spec:
        providerConfigRef:
          name: provider-minio
  providerConfigRef:
    kind: ProviderConfig
    name: provider-kubernetes
---
apiVersion: kubernetes.m.crossplane.io/v1alpha1
kind: Object
metadata:
  annotations:
    crossplane.io/composition-resource-name: bucket-b-jeff-shared
  labels:
    crossplane.io/composite: s-jeff
  name: bucket-b-jeff-shared
  namespace: default
  ownerReferences:
  - apiVersion: pkg.internal/v1beta1
    blockOwnerDeletion: true
    controller: true
    kind: Storage
    name: s-jeff
    uid: ""
spec:
  forProvider:
    manifest:
      apiVersion: minio.crossplane.io/v1
      kind: Bucket
      metadata:
        annotations:
          storages.pkg.internal/discoverable: "true"
        name: b-jeff-shared
      spec:
        providerConfigRef:
          name: provider-minio
  providerConfigRef:
    kind: ProviderConfig
    name: provider-kubernetes
---
apiVersion: kubernetes.m.crossplane.io/v1alpha1
kind: Object
metadata:
  annotations:
    crossplane.io/composition-resource-name: observe-jeff-restricted-b-joe
  labels:
    crossplane.io/composite: s-jeff
  name: observe-jeff-restricted-b-joe
  namespace: default
  ownerReferences:
  - apiVersion: pkg.internal/v1beta1
    blockOwnerDeletion: true
    controller: true
    kind: Storage
    name: s-jeff
    uid: ""
spec:
  forProvider:
    manifest:
      apiVersion: minio.crossplane.io/v1
      kind: Policy
      metadata:
        name: jeff.restricted.b-joe
  managementPolicies:
  - Observe
  providerConfigRef:
    kind: ProviderConfig
    name: provider-kubernetes
---
apiVersion: kubernetes.m.crossplane.io/v1alpha1
kind: Object
metadata:
  annotations:
    crossplane.io/composition-resource-name: policy-full-b-jeff
  labels:
    crossplane.io/composite: s-jeff
  name: policy-full-b-jeff
  namespace: default
  ownerReferences:
  - apiVersion: pkg.internal/v1beta1
    blockOwnerDeletion: true
    controller: true
    kind: Storage
    name: s-jeff
    uid: ""
spec:
  forProvider:
    manifest:
      apiVersion: minio.crossplane.io/v1
      kind: Policy
      metadata:
        name: jeff.full.b-jeff
      spec:
        forProvider:
          rawPolicy: |-
            {
              "Version": "2012-10-17",
              "Statement": [
                {
                  "Effect": "Allow",
                  "Action": [
                    "s3:*"
                  ],
                  "Resource": [
                    "arn:aws:s3:::b-jeff",
                    "arn:aws:s3:::b-jeff/*"
                  ]
                }
              ]
            }
        providerConfigRef:
          name: provider-minio
  providerConfigRef:
    kind: ProviderConfig
    name: provider-kubernetes
---
apiVersion: kubernetes.m.crossplane.io/v1alpha1
kind: Object
metadata:
  annotations:
    crossplane.io/composition-resource-name: policy-full-b-jeff-shared
  labels:
    crossplane.io/composite: s-jeff
  name: policy-full-b-jeff-shared
  namespace: default
  ownerReferences:
  - apiVersion: pkg.internal/v1beta1
    blockOwnerDeletion: true
    controller: true
    kind: Storage
    name: s-jeff
    uid: ""
spec:
  forProvider:
    manifest:
      apiVersion: minio.crossplane.io/v1
      kind: Policy
      metadata:
        name: jeff.full.b-jeff-shared
      spec:
        forProvider:
          rawPolicy: |-
            {
              "Version": "2012-10-17",
              "Statement": [
                {
                  "Effect": "Allow",
                  "Action": [
                    "s3:*"
                  ],
                  "Resource": [
                    "arn:aws:s3:::b-jeff-shared",
                    "arn:aws:s3:::b-jeff-shared/*"
                  ]
                }
              ]
            }
        providerConfigRef:
          name: provider-minio
  providerConfigRef:
    kind: ProviderConfig
    name: provider-kubernetes
---
apiVersion: kubernetes.m.crossplane.io/v1alpha1
kind: Object
metadata:
  annotations:
    crossplane.io/composition-resource-name: policy-joe-restricted-b-jeff-shared
  labels:
    crossplane.io/composite: s-jeff
  name: policy-joe-restricted-b-jeff-shared
  namespace: default
  ownerReferences:
  - apiVersion: pkg.internal/v1beta1
    blockOwnerDeletion: true
    controller: true
    kind: Storage
    name: s-jeff
    uid: ""
spec:
  forProvider:
    manifest:
      apiVersion: minio.crossplane.io/v1
      kind: Policy
      metadata:
        name: joe.restricted.b-jeff-shared
      spec:
        forProvider:
          rawPolicy: |-
            {
              "Version": "2012-10-17",
              "Statement": [
                {
                  "Effect": "Allow",
                  "Action": [
                    "s3:GetBucketLocation",
                    "s3:ListBucket"
                  ],
                  "Resource": [
                    "arn:aws:s3:::b-jeff-shared"
                  ]
                },
                {
                  "Effect": "Allow",
                  "Action": [
                    "s3:GetObject"
                  ],
                  "Resource": [
                    "arn:aws:s3:::b-jeff-shared/*"
                  ]
                }
              ]
            }
        providerConfigRef:
          name: provider-minio
  providerConfigRef:
    kind: ProviderConfig
    name: provider-kubernetes
---
apiVersion: kubernetes.m.crossplane.io/v1alpha1
kind: Object
metadata:
  annotations:
    crossplane.io/composition-resource-name: user-jeff
  labels:
    crossplane.io/composite: s-jeff
  name: user-jeff
  namespace: default
  ownerReferences:
  - apiVersion: pkg.internal/v1beta1
    blockOwnerDeletion: true
    controller: true
    kind: Storage
    name: s-jeff
    uid: ""
spec:
  forProvider:
    manifest:
      apiVersion: minio.crossplane.io/v1
      kind: User
      metadata:
        name: jeff
      spec:
        forProvider:
          policies:
          - jeff.full.b-jeff
          - jeff.full.b-jeff-shared
          userName: jeff
        providerConfigRef:
          name: provider-minio
        writeConnectionSecretToRef:
          name: jeff
          namespace: default
  providerConfigRef:
    kind: ProviderConfig
    name: provider-kubernetes
