---
apiVersion: pkg.internal/v1beta1
kind: Storage
metadata:
  name: s-jane
spec:
  bucketAccessRequests:
  - bucketName: b-john
    reason: Need WriteOnly access
  buckets: []
  principal: jane
status:
  conditions:
  - lastTransitionTime: "2024-01-01T00:00:00Z"
    message: 'Unready resources: observe-jane-restricted-b-john, user-jane'
    reason: Creating
    status: "False"
    type: Ready
---
apiVersion: kubernetes.m.crossplane.io/v1alpha1
kind: Object
metadata:
  annotations:
    crossplane.io/composition-resource-name: observe-jane-restricted-b-john
  labels:
    crossplane.io/composite: s-jane
  name: observe-jane-restricted-b-john
  namespace: default
  ownerReferences:
  - apiVersion: pkg.internal/v1beta1
    blockOwnerDeletion: true
    controller: true
    kind: Storage
    name: s-jane
    uid: ""
spec:
  forProvider:
    manifest:
      apiVersion: minio.crossplane.io/v1
      kind: Policy
      metadata:
        name: jane.restricted.b-john
  managementPolicies:
  - Observe
  providerConfigRef:
    kind: ProviderConfig
    name: provider-kubernetes
---
apiVersion: kubernetes.m.crossplane.io/v1alpha1
kind: Object
metadata:
  annotations:
    crossplane.io/composition-resource-name: user-jane
  labels:
    crossplane.io/composite: s-jane
  name: user-jane
  namespace: default
  ownerReferences:
  - apiVersion: pkg.internal/v1beta1
    blockOwnerDeletion: true
    controller: true
    kind: Storage
    name: s-jane
    uid: ""
spec:
  forProvider:
    manifest:
      apiVersion: minio.crossplane.io/v1
      kind: User
      metadata:
        name: jane
      spec:
        forProvider:
          policies: []
          userName: jane
        providerConfigRef:
          name: provider-minio
        writeConnectionSecretToRef:
          name: jane
          namespace: default
  providerConfigRef:
    kind: ProviderConfig
    name: provider-kubernetes
