---
apiVersion: pkg.internal/v1beta1
kind: Storage
metadata:
  name: s-joe
spec:
  bucketAccessGrants:
  - bucketName: b-joe
    grantee: jeff
    permission: ReadWrite
  bucketAccessRequests:
  - bucketName: b-jeff-shared
    reason: Need access
  buckets:
  - bucketName: b-joe
    discoverable: true
  principal: joe
status:
  conditions:
  - lastTransitionTime: "2024-01-01T00:00:00Z"
    message: 'Unready resources: access-key-joe, bucket-b-joe, bucketpolicy-b-joe,
      and 4 more'
    reason: Creating
    status: "False"
    type: Ready
---
apiVersion: kubernetes.m.crossplane.io/v1alpha1
kind: Object
metadata:
  annotations:
    crossplane.io/composition-resource-name: access-key-joe
  labels:
    crossplane.io/composite: s-joe
  name: access-key-joe
  namespace: default
  ownerReferences:
  - apiVersion: pkg.internal/v1beta1
    blockOwnerDeletion: true
    controller: true
    kind: Storage
    name: s-joe
    uid: ""
spec:
  forProvider:
    manifest:
      apiVersion: identity.opentelekomcloud.crossplane.io/v1alpha1
      kind: CredentialV3
      metadata:
        name: aksk-joe
      spec:
        forProvider:
          type: AK
          userId: "111"
        providerConfigRef:
          name: provider-otc
        writeConnectionSecretToRef:
          name: joe
          namespace: default
  providerConfigRef:
    kind: ProviderConfig
    name: provider-kubernetes
---
apiVersion: kubernetes.m.crossplane.io/v1alpha1
kind: Object
metadata:
  annotations:
    crossplane.io/composition-resource-name: bucket-b-joe
  labels:
    crossplane.io/composite: s-joe
  name: bucket-b-joe
  namespace: default
  ownerReferences:
  - apiVersion: pkg.internal/v1beta1
    blockOwnerDeletion: true
    controller: true
    kind: Storage
    name: s-joe
    uid: ""
spec:
  forProvider:
    manifest:
      apiVersion: obs.opentelekomcloud.crossplane.io/v1alpha1
      kind: Bucket
      metadata:
        name: b-joe
      spec:
        forProvider:
          bucket: b-joe
          region: eu-nl
        providerConfigRef:
          name: provider-otc
  providerConfigRef:
    kind: ProviderConfig
    name: provider-kubernetes
---
apiVersion: kubernetes.m.crossplane.io/v1alpha1
kind: Object
metadata:
  annotations:
    crossplane.io/composition-resource-name: bucketpolicy-b-joe
  labels:
    crossplane.io/composite: s-joe
  name: bucketpolicy-b-joe
  namespace: default
  ownerReferences:
  - apiVersion: pkg.internal/v1beta1
    blockOwnerDeletion: true
    controller: true
    kind: Storage
    name: s-joe
    uid: ""
spec:
  forProvider:
    manifest:
      apiVersion: obs.opentelekomcloud.crossplane.io/v1alpha1
      kind: BucketPolicy
      metadata:
        name: bucketpolicy-b-joe
      spec:
        forProvider:
          bucket: b-joe
          policy: |-
            {
              "Version": "2012-10-17",
              "Statement": [
                {
                  "Effect": "Allow",
                  "Action": [
                    "ListBucket"
                  ],
                  "Resource": [
                    "b-joe"
                  ],
                  "Principal": {
                    "ID": [
                      "domain/222:user/111"
                    ]
                  }
                },
                {
                  "Effect": "Allow",
                  "Action": [
                    "GetObject",
                    "PutObject",
                    "DeleteObject"
                  ],
                  "Resource": [
                    "b-joe/*"
                  ],
                  "Principal": {
                    "ID": [
                      "domain/222:user/111"
                    ]
                  }
                }
              ]
            }
        providerConfigRef:
          name: provider-otc
  providerConfigRef:
    kind: ProviderConfig
    name: provider-kubernetes
---
apiVersion: kubernetes.m.crossplane.io/v1alpha1
kind: Object
metadata:
  annotations:
    crossplane.io/composition-resource-name: observe-bucketpolicy-b-joe
  labels:
    crossplane.io/composite: s-joe
  name: observe-bucketpolicy-b-joe
  namespace: default
  ownerReferences:
  - apiVersion: pkg.internal/v1beta1
    blockOwnerDeletion: true
    controller: true
    kind: Storage
    name: s-joe
    uid: ""
spec:
  forProvider:
    manifest:
      apiVersion: obs.opentelekomcloud.crossplane.io/v1alpha1
      kind: BucketPolicy
      metadata:
        name: bucketpolicy-b-joe
  managementPolicies:
  - Observe
  providerConfigRef:
    kind: ProviderConfig
    name: provider-kubernetes
---
apiVersion: kubernetes.m.crossplane.io/v1alpha1
kind: Object
metadata:
  annotations:
    crossplane.io/composition-resource-name: observe-credential-joe
  labels:
    crossplane.io/composite: s-joe
  name: observe-credential-joe
  namespace: default
  ownerReferences:
  - apiVersion: pkg.internal/v1beta1
    blockOwnerDeletion: true
    controller: true
    kind: Storage
    name: s-joe
    uid: ""
spec:
  forProvider:
    manifest:
      apiVersion: identity.opentelekomcloud.crossplane.io/v1alpha1
      kind: CredentialV3
      metadata:
        name: aksk-joe
  managementPolicies:
  - Observe
  providerConfigRef:
    kind: ProviderConfig
    name: provider-kubernetes
---
apiVersion: kubernetes.m.crossplane.io/v1alpha1
kind: Object
metadata:
  annotations:
    crossplane.io/composition-resource-name: observe-user-jeff
  labels:
    crossplane.io/composite: s-joe
  name: observe-user-jeff
  namespace: default
  ownerReferences:
  - apiVersion: pkg.internal/v1beta1
    blockOwnerDeletion: true
    controller: true
    kind: Storage
    name: s-joe
    uid: ""
spec:
  forProvider:
    manifest:
      apiVersion: identity.opentelekomcloud.crossplane.io/v1alpha1
      kind: UserV3
      metadata:
        name: jeff
  managementPolicies:
  - Observe
  providerConfigRef:
    kind: ProviderConfig
    name: provider-kubernetes
---
apiVersion: kubernetes.m.crossplane.io/v1alpha1
kind: Object
metadata:
  annotations:
    crossplane.io/composition-resource-name: user-joe
  labels:
    crossplane.io/composite: s-joe
  name: user-joe
  namespace: default
  ownerReferences:
  - apiVersion: pkg.internal/v1beta1
    blockOwnerDeletion: true
    controller: true
    kind: Storage
    name: s-joe
    uid: ""
spec:
  forProvider:
    manifest:
      apiVersion: identity.opentelekomcloud.crossplane.io/v1alpha1
      kind: UserV3
      metadata:
        name: joe
      spec:
        forProvider:
          enabled: true
          name: joe
        providerConfigRef:
          name: provider-otc
  providerConfigRef:
    kind: ProviderConfig
    name: provider-kubernetes
