---
apiVersion: pkg.internal/v1beta1
kind: Storage
metadata:
  name: s-jeff
spec:
  bucketAccessGrants:
  - bucketName: b-jeff-shared
    grantee: joe
    permission: ReadOnly
  bucketAccessRequests:
  - bucketName: b-joe
    reason: Need access
  buckets:
  - bucketName: b-jeff
  - bucketName: b-jeff-shared
    discoverable: true
  principal: jeff
status:
  conditions:
  - lastTransitionTime: "2024-01-01T00:00:00Z"
    message: 'Unready resources: bucket-b-jeff, bucket-b-jeff-shared, observe-bucketpolicy-b-jeff,
      and 4 more'
    reason: Creating
    status: "False"
    type: Ready
---
apiVersion: kubernetes.m.crossplane.io/v1alpha1
kind: Object
metadata:
  annotations:
    crossplane.io/composition-resource-name: bucket-b-jeff
  labels:
    crossplane.io/composite: s-jeff
  name: bucket-b-jeff
  namespace: default
  ownerReferences:
  - apiVersion: pkg.internal/v1beta1
    blockOwnerDeletion: true
    controller: true
    kind: Storage
    name: s-jeff
    uid: ""
spec:
  forProvider:
    manifest:
      apiVersion: obs.opentelekomcloud.crossplane.io/v1alpha1
      kind: Bucket
      metadata:
        name: b-jeff
      spec:
        forProvider:
          bucket: b-jeff
          region: eu-nl
        providerConfigRef:
          name: provider-otc
  providerConfigRef:
    kind: ProviderConfig
    name: provider-kubernetes
---
apiVersion: kubernetes.m.crossplane.io/v1alpha1
kind: Object
metadata:
  annotations:
    crossplane.io/composition-resource-name: bucket-b-jeff-shared
  labels:
    crossplane.io/composite: s-jeff
  name: bucket-b-jeff-shared
  namespace: default
  ownerReferences:
  - apiVersion: pkg.internal/v1beta1
    blockOwnerDeletion: true
    controller: true
    kind: Storage
    name: s-jeff
    uid: ""
spec:
  forProvider:
    manifest:
      apiVersion: obs.opentelekomcloud.crossplane.io/v1alpha1
      kind: Bucket
      metadata:
        name: b-jeff-shared
      spec:
        forProvider:
          bucket: b-jeff-shared
          region: eu-nl
        providerConfigRef:
          name: provider-otc
  providerConfigRef:
    kind: ProviderConfig
    name: provider-kubernetes
---
apiVersion: kubernetes.m.crossplane.io/v1alpha1
kind: Object
metadata:
  annotations:
    crossplane.io/composition-resource-name: observe-bucketpolicy-b-jeff
  labels:
    crossplane.io/composite: s-jeff
  name: observe-bucketpolicy-b-jeff
  namespace: default
  ownerReferences:
  - apiVersion: pkg.internal/v1beta1
    blockOwnerDeletion: true
    controller: true
    kind: Storage
    name: s-jeff
    uid: ""
spec:
  forProvider:
    manifest:
      apiVersion: obs.opentelekomcloud.crossplane.io/v1alpha1
      kind: BucketPolicy
      metadata:
        name: bucketpolicy-b-jeff
  managementPolicies:
  - Observe
  providerConfigRef:
    kind: ProviderConfig
    name: provider-kubernetes
---
apiVersion: kubernetes.m.crossplane.io/v1alpha1
kind: Object
metadata:
  annotations:
    crossplane.io/composition-resource-name: observe-bucketpolicy-b-jeff-shared
  labels:
    crossplane.io/composite: s-jeff
  name: observe-bucketpolicy-b-jeff-shared
  namespace: default
  ownerReferences:
  - apiVersion: pkg.internal/v1beta1
    blockOwnerDeletion: true
    controller: true
    kind: Storage
    name: s-jeff
    uid: ""
spec:
  forProvider:
    manifest:
      apiVersion: obs.opentelekomcloud.crossplane.io/v1alpha1
      kind: BucketPolicy
      metadata:
        name: bucketpolicy-b-jeff-shared
  managementPolicies:
  - Observe
  providerConfigRef:
    kind: ProviderConfig
    name: provider-kubernetes
---
apiVersion: kubernetes.m.crossplane.io/v1alpha1
kind: Object
metadata:
  annotations:
    crossplane.io/composition-resource-name: observe-credential-jeff
  labels:
    crossplane.io/composite: s-jeff
  name: observe-credential-jeff
  namespace: default
  ownerReferences:
  - apiVersion: pkg.internal/v1beta1
    blockOwnerDeletion: true
    controller: true
    kind: Storage
    name: s-jeff
    uid: ""
spec:
  forProvider:
    manifest:
      apiVersion: identity.opentelekomcloud.crossplane.io/v1alpha1
      kind: CredentialV3
      metadata:
        name: aksk-jeff
  managementPolicies:
  - Observe
  providerConfigRef:
    kind: ProviderConfig
    name: provider-kubernetes
---
apiVersion: kubernetes.m.crossplane.io/v1alpha1
kind: Object
metadata:
  annotations:
    crossplane.io/composition-resource-name: observe-user-joe
  labels:
    crossplane.io/composite: s-jeff
  name: observe-user-joe
  namespace: default
  ownerReferences:
  - apiVersion: pkg.internal/v1beta1
    blockOwnerDeletion: true
    controller: true
    kind: Storage
    name: s-jeff
    uid: ""
spec:
  forProvider:
    manifest:
      apiVersion: identity.opentelekomcloud.crossplane.io/v1alpha1
      kind: UserV3
      metadata:
        name: joe
  managementPolicies:
  - Observe
  providerConfigRef:
    kind: ProviderConfig
    name: provider-kubernetes
---
apiVersion: kubernetes.m.crossplane.io/v1alpha1
kind: Object
metadata:
  annotations:
    crossplane.io/composition-resource-name: user-jeff
  labels:
    crossplane.io/composite: s-jeff
  name: user-jeff
  namespace: default
  ownerReferences:
  - apiVersion: pkg.internal/v1beta1
    blockOwnerDeletion: true
    controller: true
    kind: Storage
    name: s-jeff
    uid: ""
spec:
  forProvider:
    manifest:
      apiVersion: identity.opentelekomcloud.crossplane.io/v1alpha1
      kind: UserV3
      metadata:
        name: jeff
      spec:
        forProvider:
          enabled: true
          name: jeff
        providerConfigRef:
          name: provider-otc
  providerConfigRef:
    kind: ProviderConfig
    name: provider-kubernetes
