---
apiVersion: pkg.internal/v1beta1
kind: Storage
metadata:
  name: s-jane
spec:
  bucketAccessRequests:
  - bucketName: b-john
    reason: Need WriteOnly access
  buckets: []
  principal: jane
status:
  conditions:
  - lastTransitionTime: "2024-01-01T00:00:00Z"
    message: 'Unready resources: observe-credential-jane, user-jane'
    reason: Creating
    status: "False"
    type: Ready
---
apiVersion: kubernetes.m.crossplane.io/v1alpha1
kind: Object
metadata:
  annotations:
    crossplane.io/composition-resource-name: observe-credential-jane
  labels:
    crossplane.io/composite: s-jane
  name: observe-credential-jane
  namespace: default
  ownerReferences:
  - apiVersion: pkg.internal/v1beta1
    blockOwnerDeletion: true
    controller: true
    kind: Storage
    name: s-jane
    uid: ""
spec:
  forProvider:
    manifest:
      apiVersion: identity.opentelekomcloud.crossplane.io/v1alpha1
      kind: CredentialV3
      metadata:
        name: aksk-jane
  managementPolicies:
  - Observe
  providerConfigRef:
    kind: ProviderConfig
    name: provider-kubernetes
---
apiVersion: kubernetes.m.crossplane.io/v1alpha1
kind: Object
metadata:
  annotations:
    crossplane.io/composition-resource-name: user-jane
  labels:
    crossplane.io/composite: s-jane
  name: user-jane
  namespace: default
  ownerReferences:
  - apiVersion: pkg.internal/v1beta1
    blockOwnerDeletion: true
    controller: true
    kind: Storage
    name: s-jane
    uid: ""
spec:
  forProvider:
    manifest:
      apiVersion: identity.opentelekomcloud.crossplane.io/v1alpha1
      kind: UserV3
      metadata:
        name: jane
      spec:
        forProvider:
          enabled: true
          name: jane
        providerConfigRef:
          name: provider-otc
  providerConfigRef:
    kind: ProviderConfig
    name: provider-kubernetes
