# Copyright 2025, EOX (https://eox.at) and Versioneer (https://versioneer.at)
# SPDX-License-Identifier: Apache-2.0

---
apiVersion: pkg.internal/v1beta1
kind: Storage
metadata:
  name: s-jeff
spec:
  bucketAccessGrants:
  - bucketName: s-jeff-shared
    grantedAt: "2025-09-29T10:15:00Z"
    grantee: joe
    permission: ReadOnly
  bucketAccessRequests:
  - bucketName: s-joe
    reason: Need access
    requestedAt: "2025-09-29T10:10:00Z"
  buckets:
  - bucketName: s-jeff
  - bucketName: s-jeff-shared
    discoverable: true
  principal: jeff
status:
  conditions:
  - lastTransitionTime: "2024-01-01T00:00:00Z"
    message: 'Unready resources: access-key-jeff, bucket-s-jeff, bucket-s-jeff-shared,
      and 7 more'
    reason: Creating
    status: "False"
    type: Ready
---
apiVersion: iam.aws.m.upbound.io/v1beta1
kind: AccessKey
metadata:
  annotations:
    crossplane.io/composition-resource-name: access-key-jeff
  labels:
    crossplane.io/composite: s-jeff
  name: jeff
  namespace: default
  ownerReferences:
  - apiVersion: pkg.internal/v1beta1
    blockOwnerDeletion: true
    controller: true
    kind: Storage
    name: s-jeff
    uid: ""
spec:
  forProvider:
    userRef:
      name: jeff
  providerConfigRef:
    kind: ProviderConfig
    name: provider-aws
  writeConnectionSecretToRef:
    name: jeff
---
apiVersion: s3.aws.m.upbound.io/v1beta1
kind: Bucket
metadata:
  annotations:
    crossplane.io/composition-resource-name: bucket-s-jeff
  labels:
    crossplane.io/composite: s-jeff
  name: s-jeff
  namespace: default
  ownerReferences:
  - apiVersion: pkg.internal/v1beta1
    blockOwnerDeletion: true
    controller: true
    kind: Storage
    name: s-jeff
    uid: ""
spec:
  forProvider:
    region: eu-central-1
  providerConfigRef:
    kind: ProviderConfig
    name: provider-aws
---
apiVersion: s3.aws.m.upbound.io/v1beta1
kind: Bucket
metadata:
  annotations:
    crossplane.io/composition-resource-name: bucket-s-jeff-shared
  labels:
    crossplane.io/composite: s-jeff
  name: s-jeff-shared
  namespace: default
  ownerReferences:
  - apiVersion: pkg.internal/v1beta1
    blockOwnerDeletion: true
    controller: true
    kind: Storage
    name: s-jeff
    uid: ""
spec:
  forProvider:
    region: eu-central-1
  providerConfigRef:
    kind: ProviderConfig
    name: provider-aws
---
apiVersion: kubernetes.m.crossplane.io/v1alpha1
kind: Object
metadata:
  annotations:
    crossplane.io/composition-resource-name: observe-jeff-s-joe
  labels:
    crossplane.io/composite: s-jeff
  name: observe-jeff-s-joe
  namespace: default
  ownerReferences:
  - apiVersion: pkg.internal/v1beta1
    blockOwnerDeletion: true
    controller: true
    kind: Storage
    name: s-jeff
    uid: ""
spec:
  forProvider:
    manifest:
      apiVersion: iam.aws.m.upbound.io/v1beta1
      kind: Policy
      metadata:
        name: jeff.s-joe
        namespace: default
  managementPolicies:
  - Observe
  providerConfigRef:
    kind: ProviderConfig
    name: provider-kubernetes
---
apiVersion: iam.aws.m.upbound.io/v1beta1
kind: Policy
metadata:
  annotations:
    crossplane.io/composition-resource-name: policy-joe-s-jeff-shared
  labels:
    crossplane.io/composite: s-jeff
  name: joe.s-jeff-shared
  namespace: default
  ownerReferences:
  - apiVersion: pkg.internal/v1beta1
    blockOwnerDeletion: true
    controller: true
    kind: Storage
    name: s-jeff
    uid: ""
spec:
  forProvider:
    policy: |-
      {
        "Version": "2012-10-17",
        "Statement": [
          {
            "Effect": "Allow",
            "Action": [
              "s3:ListBucket"
            ],
            "Resource": [
              "arn:aws:s3:::s-jeff-shared"
            ]
          },
          {
            "Effect": "Allow",
            "Action": [
              "s3:GetObject"
            ],
            "Resource": [
              "arn:aws:s3:::s-jeff-shared/*"
            ]
          }
        ]
      }
  providerConfigRef:
    kind: ProviderConfig
    name: provider-aws
---
apiVersion: iam.aws.m.upbound.io/v1beta1
kind: Policy
metadata:
  annotations:
    crossplane.io/composition-resource-name: policy-s-jeff
  labels:
    crossplane.io/composite: s-jeff
  name: jeff.s-jeff
  namespace: default
  ownerReferences:
  - apiVersion: pkg.internal/v1beta1
    blockOwnerDeletion: true
    controller: true
    kind: Storage
    name: s-jeff
    uid: ""
spec:
  forProvider:
    policy: |-
      {
        "Version": "2012-10-17",
        "Statement": [
          {
            "Effect": "Allow",
            "Action": [
              "s3:*"
            ],
            "Resource": [
              "arn:aws:s3:::s-jeff",
              "arn:aws:s3:::s-jeff/*"
            ]
          }
        ]
      }
  providerConfigRef:
    kind: ProviderConfig
    name: provider-aws
---
apiVersion: iam.aws.m.upbound.io/v1beta1
kind: Policy
metadata:
  annotations:
    crossplane.io/composition-resource-name: policy-s-jeff-shared
  labels:
    crossplane.io/composite: s-jeff
  name: jeff.s-jeff-shared
  namespace: default
  ownerReferences:
  - apiVersion: pkg.internal/v1beta1
    blockOwnerDeletion: true
    controller: true
    kind: Storage
    name: s-jeff
    uid: ""
spec:
  forProvider:
    policy: |-
      {
        "Version": "2012-10-17",
        "Statement": [
          {
            "Effect": "Allow",
            "Action": [
              "s3:*"
            ],
            "Resource": [
              "arn:aws:s3:::s-jeff-shared",
              "arn:aws:s3:::s-jeff-shared/*"
            ]
          }
        ]
      }
  providerConfigRef:
    kind: ProviderConfig
    name: provider-aws
---
apiVersion: iam.aws.m.upbound.io/v1beta1
kind: UserPolicyAttachment
metadata:
  annotations:
    crossplane.io/composition-resource-name: upa-s-jeff
  labels:
    crossplane.io/composite: s-jeff
  name: jeff.s-jeff
  namespace: default
  ownerReferences:
  - apiVersion: pkg.internal/v1beta1
    blockOwnerDeletion: true
    controller: true
    kind: Storage
    name: s-jeff
    uid: ""
spec:
  forProvider:
    policyArnRef:
      name: jeff.s-jeff
    userRef:
      name: jeff
  providerConfigRef:
    kind: ProviderConfig
    name: provider-aws
---
apiVersion: iam.aws.m.upbound.io/v1beta1
kind: UserPolicyAttachment
metadata:
  annotations:
    crossplane.io/composition-resource-name: upa-s-jeff-shared
  labels:
    crossplane.io/composite: s-jeff
  name: jeff.s-jeff-shared
  namespace: default
  ownerReferences:
  - apiVersion: pkg.internal/v1beta1
    blockOwnerDeletion: true
    controller: true
    kind: Storage
    name: s-jeff
    uid: ""
spec:
  forProvider:
    policyArnRef:
      name: jeff.s-jeff-shared
    userRef:
      name: jeff
  providerConfigRef:
    kind: ProviderConfig
    name: provider-aws
---
apiVersion: iam.aws.m.upbound.io/v1beta1
kind: User
metadata:
  annotations:
    crossplane.io/composition-resource-name: user-jeff
  labels:
    crossplane.io/composite: s-jeff
  name: jeff
  namespace: default
  ownerReferences:
  - apiVersion: pkg.internal/v1beta1
    blockOwnerDeletion: true
    controller: true
    kind: Storage
    name: s-jeff
    uid: ""
spec:
  forProvider: {}
  providerConfigRef:
    kind: ProviderConfig
    name: provider-aws
