---
apiVersion: pkg.internal/v1beta1
kind: XStorage
metadata:
  labels:
    crossplane.io/claim-name: alice-003
    crossplane.io/claim-namespace: default
  name: alice-003
spec:
  bucketAccessRequests:
  - bucketName: bob-shared-003
    permission: ReadWrite
  buckets:
  - bucketName: alice-003
    discoverable: false
  - bucketName: alice-shared-003
    discoverable: true
  owner: alice-003
status:
  conditions:
  - lastTransitionTime: "2024-01-01T00:00:00Z"
    message: 'Unready resources: check-policy-alice-003.readwrite.bob-shared-003'
    reason: Creating
    status: "False"
    type: Ready
---
apiVersion: iam.aws.upbound.io/v1beta1
kind: AccessKey
metadata:
  annotations:
    crossplane.io/composition-resource-name: access-key-alice-003
  generateName: alice-003-
  labels:
    crossplane.io/composite: alice-003
  ownerReferences:
  - apiVersion: pkg.internal/v1beta1
    blockOwnerDeletion: true
    controller: true
    kind: XStorage
    name: alice-003
    uid: ""
spec:
  forProvider:
    userRef:
      name: alice-003
  providerConfigRef:
    name: storage-aws
  writeConnectionSecretToRef:
    name: alice-003
    namespace: default
---
apiVersion: s3.aws.upbound.io/v1beta2
kind: Bucket
metadata:
  annotations:
    crossplane.io/composition-resource-name: bucket-alice-003-alice-003
    xstorages.pkg.internal/discoverable: "false"
  generateName: alice-003-
  labels:
    crossplane.io/composite: alice-003
  ownerReferences:
  - apiVersion: pkg.internal/v1beta1
    blockOwnerDeletion: true
    controller: true
    kind: XStorage
    name: alice-003
    uid: ""
spec:
  forProvider:
    region: eu-central-1
  providerConfigRef:
    name: storage-aws
---
apiVersion: s3.aws.upbound.io/v1beta2
kind: Bucket
metadata:
  annotations:
    crossplane.io/composition-resource-name: bucket-alice-003-alice-shared-003
    xstorages.pkg.internal/discoverable: "true"
  generateName: alice-003-
  labels:
    crossplane.io/composite: alice-003
  ownerReferences:
  - apiVersion: pkg.internal/v1beta1
    blockOwnerDeletion: true
    controller: true
    kind: XStorage
    name: alice-003
    uid: ""
spec:
  forProvider:
    region: eu-central-1
  providerConfigRef:
    name: storage-aws
---
apiVersion: kubernetes.crossplane.io/v1alpha2
kind: Object
metadata:
  annotations:
    crossplane.io/composition-resource-name: check-policy-alice-003.readwrite.bob-shared-003
  generateName: alice-003-
  labels:
    crossplane.io/composite: alice-003
  name: policy-observer-alice-003.readwrite.bob-shared-003
  ownerReferences:
  - apiVersion: pkg.internal/v1beta1
    blockOwnerDeletion: true
    controller: true
    kind: XStorage
    name: alice-003
    uid: ""
spec:
  forProvider:
    manifest:
      apiVersion: iam.aws.upbound.io/v1beta1
      kind: Policy
      metadata:
        name: alice-003.readwrite.bob-shared-003
  managementPolicies:
  - Observe
  providerConfigRef:
    name: storage-kubernetes
---
apiVersion: iam.aws.upbound.io/v1beta1
kind: Policy
metadata:
  annotations:
    crossplane.io/composition-resource-name: policy-alice-003.owner.alice-003
  generateName: alice-003-
  labels:
    crossplane.io/composite: alice-003
  ownerReferences:
  - apiVersion: pkg.internal/v1beta1
    blockOwnerDeletion: true
    controller: true
    kind: XStorage
    name: alice-003
    uid: ""
spec:
  forProvider:
    policy: |
      {
        "Version": "2012-10-17",
        "Statement": [
          {
            "Effect": "Allow",
            "Action": [ "s3:*" ],
            "Resource": [
              "arn:aws:s3:::<no value>",
              "arn:aws:s3:::<no value>/*"
            ]
          }
        ]
      }
  providerConfigRef:
    name: storage-aws
---
apiVersion: iam.aws.upbound.io/v1beta1
kind: Policy
metadata:
  annotations:
    crossplane.io/composition-resource-name: policy-alice-003.owner.alice-shared-003
  generateName: alice-003-
  labels:
    crossplane.io/composite: alice-003
  ownerReferences:
  - apiVersion: pkg.internal/v1beta1
    blockOwnerDeletion: true
    controller: true
    kind: XStorage
    name: alice-003
    uid: ""
spec:
  forProvider:
    policy: |
      {
        "Version": "2012-10-17",
        "Statement": [
          {
            "Effect": "Allow",
            "Action": [ "s3:*" ],
            "Resource": [
              "arn:aws:s3:::<no value>",
              "arn:aws:s3:::<no value>/*"
            ]
          }
        ]
      }
  providerConfigRef:
    name: storage-aws
---
apiVersion: iam.aws.upbound.io/v1beta1
kind: User
metadata:
  annotations:
    crossplane.io/composition-resource-name: user-alice-003
  generateName: alice-003-
  labels:
    crossplane.io/composite: alice-003
  ownerReferences:
  - apiVersion: pkg.internal/v1beta1
    blockOwnerDeletion: true
    controller: true
    kind: XStorage
    name: alice-003
    uid: ""
spec:
  forProvider: {}
  providerConfigRef:
    name: storage-aws
---
apiVersion: iam.aws.upbound.io/v1beta1
kind: UserPolicyAttachment
metadata:
  annotations:
    crossplane.io/composition-resource-name: user-policy-attachement-alice-003.owner.alice-003
  generateName: alice-003-
  labels:
    crossplane.io/composite: alice-003
  ownerReferences:
  - apiVersion: pkg.internal/v1beta1
    blockOwnerDeletion: true
    controller: true
    kind: XStorage
    name: alice-003
    uid: ""
spec:
  forProvider:
    policyArnRef:
      name: alice-003.owner.alice-003
    userRef:
      name: alice-003
  providerConfigRef:
    name: storage-aws
---
apiVersion: iam.aws.upbound.io/v1beta1
kind: UserPolicyAttachment
metadata:
  annotations:
    crossplane.io/composition-resource-name: user-policy-attachement-alice-003.owner.alice-shared-003
  generateName: alice-003-
  labels:
    crossplane.io/composite: alice-003
  ownerReferences:
  - apiVersion: pkg.internal/v1beta1
    blockOwnerDeletion: true
    controller: true
    kind: XStorage
    name: alice-003
    uid: ""
spec:
  forProvider:
    policyArnRef:
      name: alice-003.owner.alice-shared-003
    userRef:
      name: alice-003
  providerConfigRef:
    name: storage-aws
